2026-05-14 20:29:37 | user=c9204280 | action=view_index | result=OK
2026-05-14 20:29:49 | user=c9204280 | action=view_statistics | result=OK
2026-05-14 20:29:51 | user=c9204280 | action=view_index | result=OK
2026-05-14 20:29:53 | user=c9204280 | action=view_statistics | result=OK
2026-05-14 20:30:02 | user=c9204280 | action=view_index | result=OK
2026-05-14 20:30:28 | user=c9204280 | action=view_models | result=OK
2026-05-14 20:30:40 | user=c9204280 | action=view_clusters | result=OK
2026-05-14 20:30:46 | user=c9204280 | action=view_logs | result=OK
2026-05-14 20:30:48 | user=c9204280 | action=view_index | result=OK
2026-05-14 20:31:09 | user=c9204280 | action=view_index | result=OK
2026-05-14 20:31:42 | user=c9204280 | action=view_statistics | result=OK
2026-05-14 20:33:38 | user=c9204280 | action=view_models | result=OK
2026-05-14 20:33:46 | user=c9204280 | action=view_clusters | result=OK
2026-05-14 20:33:52 | user=c9204280 | action=view_logs | result=OK
2026-05-14 20:33:56 | user=c9204280 | action=view_index | result=OK
2026-05-14 20:34:41 | user=c9204280 | action=view_statistics | result=OK
2026-05-14 20:34:54 | user=c9204280 | action=view_models | result=OK
2026-05-14 20:35:06 | user=80904e88 | action=view_models | result=OK
2026-05-14 20:35:06 | user=6751ba7d | action=view_models | result=OK
2026-05-14 20:35:11 | user=c9204280 | action=view_index | result=OK
2026-05-14 20:48:39 | user=c9204280 | action=view_index | result=OK
2026-05-14 21:14:57 | user=c9204280 | action=view_index | result=OK
2026-05-14 21:15:10 | user=c9204280 | action=view_statistics | result=OK
2026-05-14 21:15:32 | user=c9204280 | action=view_models | result=OK
2026-05-14 21:15:51 | user=c9204280 | action=view_clusters | result=OK
2026-05-14 21:16:13 | user=c9204280 | action=view_logs | result=OK
2026-05-14 21:16:21 | user=c9204280 | action=view_index | result=OK
2026-05-14 21:16:23 | user=c9204280 | action=view_index | result=OK
2026-05-14 21:16:31 | user=c9204280 | action=predict_sentiment | result=позитивный (99.3%)
2026-05-14 21:16:35 | user=c9204280 | action=predict_sentiment | result=позитивный (96.6%)
2026-05-14 21:16:37 | user=c9204280 | action=predict_sentiment | result=позитивный (96.6%)
2026-05-14 21:16:45 | user=c9204280 | action=predict_sentiment | result=позитивный (96.6%)
2026-05-14 21:16:47 | user=c9204280 | action=predict_sentiment | result=негативный (57.7%)
2026-05-14 21:16:53 | user=c9204280 | action=predict_sentiment | result=позитивный (99.3%)
2026-05-14 21:17:10 | user=c9204280 | action=predict_sentiment | result=негативный (57.7%)
2026-05-14 21:17:14 | user=c9204280 | action=predict_sentiment | result=позитивный (99.3%)
2026-05-14 21:17:17 | user=c9204280 | action=predict_sentiment | result=негативный (57.7%)
2026-05-14 21:17:21 | user=c9204280 | action=predict_sentiment | result=позитивный (96.6%)
2026-05-14 21:17:28 | user=c9204280 | action=predict_sentiment | result=позитивный (96.6%)
2026-05-14 21:17:30 | user=c9204280 | action=view_statistics | result=OK
2026-05-14 21:18:01 | user=c9204280 | action=view_models | result=OK
2026-05-14 21:18:22 | user=c9204280 | action=view_clusters | result=OK
2026-05-14 21:18:33 | user=c9204280 | action=view_logs | result=OK
2026-05-14 21:18:35 | user=c9204280 | action=view_index | result=OK
2026-05-14 21:19:03 | user=c9204280 | action=view_statistics | result=OK
2026-05-14 21:19:05 | user=c9204280 | action=view_models | result=OK
2026-05-14 21:19:08 | user=c9204280 | action=view_clusters | result=OK
2026-05-14 21:19:11 | user=c9204280 | action=view_statistics | result=OK
2026-05-14 21:19:17 | user=c9204280 | action=view_statistics | result=OK
2026-05-14 21:19:19 | user=c9204280 | action=view_models | result=OK
2026-05-14 21:19:20 | user=c9204280 | action=view_statistics | result=OK
2026-05-14 21:20:38 | user=c9204280 | action=view_statistics | result=OK
2026-05-14 21:22:28 | user=c9204280 | action=view_statistics | result=OK
2026-05-14 21:22:56 | user=c9204280 | action=view_statistics | result=OK
2026-05-14 21:22:57 | user=c9204280 | action=view_statistics | result=OK
2026-05-14 21:23:03 | user=c9204280 | action=view_statistics | result=OK
2026-05-14 21:24:00 | user=c9204280 | action=view_statistics | result=OK
2026-05-14 21:24:21 | user=c9204280 | action=view_models | result=OK
2026-05-14 21:24:41 | user=c9204280 | action=view_clusters | result=OK
2026-05-14 21:24:49 | user=c9204280 | action=view_logs | result=OK
2026-05-14 21:24:58 | user=c9204280 | action=view_index | result=OK
2026-05-14 21:25:29 | user=c9204280 | action=submit_review product=All-New Fi rating=5.0 | result=OK
2026-05-14 21:25:29 | user=c9204280 | action=view_index | result=OK
2026-05-14 21:25:52 | user=c9204280 | action=view_statistics | result=OK
2026-05-14 21:25:54 | user=c9204280 | action=view_index | result=OK
2026-05-14 21:26:08 | user=c9204280 | action=submit_review product=AmazonBasi rating=1.0 | result=OK
2026-05-14 21:26:08 | user=c9204280 | action=view_index | result=OK
2026-05-15 09:24:51 | user=1ac96a98 | action=view_index | result=OK
2026-05-15 09:24:59 | user=1ac96a98 | action=view_statistics | result=OK
2026-05-15 09:25:05 | user=1ac96a98 | action=view_models | result=OK
2026-05-15 09:25:10 | user=1ac96a98 | action=view_clusters | result=OK
2026-05-15 09:25:13 | user=1ac96a98 | action=view_logs | result=OK
2026-05-15 09:25:20 | user=1ac96a98 | action=view_index | result=OK
2026-05-15 09:27:15 | user=1ac96a98 | action=view_clusters | result=OK
2026-05-15 11:30:08 | user=8e9f9f67 | action=view_index | result=OK
2026-05-15 11:30:36 | user=8e9f9f67 | action=view_statistics | result=OK
2026-05-15 11:31:48 | user=8e9f9f67 | action=view_statistics | result=OK
2026-05-15 11:32:02 | user=8e9f9f67 | action=view_models | result=OK
2026-05-15 11:32:15 | user=8e9f9f67 | action=view_clusters | result=OK
2026-05-15 11:32:42 | user=8e9f9f67 | action=view_index | result=OK
2026-05-15 11:33:00 | user=8e9f9f67 | action=predict_sentiment | result=негативный (57.7%)
2026-05-15 11:33:02 | user=8e9f9f67 | action=predict_sentiment | result=позитивный (90.4%)
2026-05-15 11:33:05 | user=8e9f9f67 | action=predict_sentiment | result=позитивный (99.3%)
2026-05-15 11:33:07 | user=8e9f9f67 | action=predict_sentiment | result=позитивный (99.9%)
2026-05-15 11:34:10 | user=8e9f9f67 | action=view_index | result=OK
2026-05-15 13:47:08 | user=8e9f9f67 | action=view_statistics | result=OK
2026-05-15 14:17:11 | user=8e9f9f67 | action=view_index | result=OK
2026-05-15 14:17:36 | user=8e9f9f67 | action=predict_sentiment | result=позитивный (99.4%)
2026-05-15 14:17:41 | user=8e9f9f67 | action=predict_sentiment | result=негативный (54.3%)
2026-05-15 14:17:45 | user=8e9f9f67 | action=predict_sentiment | result=позитивный (96.6%)
2026-05-15 14:17:50 | user=8e9f9f67 | action=predict_sentiment | result=негативный (57.7%)
2026-05-15 14:18:22 | user=8e9f9f67 | action=view_statistics | result=OK
2026-05-15 14:18:28 | user=8e9f9f67 | action=view_index | result=OK
2026-05-15 14:18:40 | user=8e9f9f67 | action=view_statistics | result=OK
2026-05-15 14:18:46 | user=8e9f9f67 | action=view_index | result=OK
2026-05-15 14:19:11 | user=8e9f9f67 | action=view_statistics | result=OK
2026-05-15 14:19:45 | user=8e9f9f67 | action=view_statistics | result=OK
2026-05-15 14:19:46 | user=8e9f9f67 | action=view_statistics | result=OK
2026-05-15 14:19:46 | user=8e9f9f67 | action=view_statistics | result=OK
2026-05-15 14:19:48 | user=8e9f9f67 | action=view_statistics | result=OK
2026-05-15 14:19:48 | user=8e9f9f67 | action=view_statistics | result=OK
2026-05-15 14:19:49 | user=8e9f9f67 | action=view_statistics | result=OK
2026-05-15 14:20:08 | user=8e9f9f67 | action=view_statistics | result=OK
2026-05-15 14:21:50 | user=8e9f9f67 | action=view_models | result=OK
2026-05-15 14:22:10 | user=8e9f9f67 | action=view_clusters | result=OK
2026-05-15 14:22:22 | user=8e9f9f67 | action=view_statistics | result=OK
2026-05-15 14:22:23 | user=8e9f9f67 | action=view_statistics | result=OK
2026-05-15 14:22:49 | user=8e9f9f67 | action=view_statistics | result=OK
2026-05-15 14:24:54 | user=8e9f9f67 | action=view_models | result=OK
2026-05-15 14:27:24 | user=8e9f9f67 | action=view_models | result=OK
2026-05-15 14:27:26 | user=8e9f9f67 | action=generate_report | result=OK
2026-05-15 14:27:46 | user=8e9f9f67 | action=view_index | result=OK
2026-05-15 15:02:50 | user=8e9f9f67 | action=view_statistics | result=OK
2026-05-15 15:02:56 | user=8e9f9f67 | action=view_index | result=OK
2026-05-16 09:33:33 | user=8e9f9f67 | action=view_clusters | result=OK
2026-09-19 18:33:39 | user=cb190699 | action=view_index | result=OK
2026-09-19 18:33:39 | user=cd1ce92b | action=view_index | result=OK
2026-09-19 18:33:45 | user=bea23bb7 | action=view_index | result=OK
2026-09-19 18:33:47 | user=e4f513ff | action=view_index | result=OK
2026-09-19 18:34:01 | user=e4f513ff | action=view_statistics | result=OK
2026-09-19 18:35:00 | user=cd1ce92b | action=view_index | result=OK
2026-09-19 18:35:09 | user=cd1ce92b | action=view_statistics | result=OK
2026-09-19 18:35:41 | user=cd1ce92b | action=view_statistics | result=OK
2026-09-19 18:41:37 | user=cd1ce92b | action=view_statistics | result=OK
2026-09-19 18:42:00 | user=cd1ce92b | action=view_index | result=OK
2026-09-19 18:42:04 | user=cd1ce92b | action=view_statistics | result=OK
2026-09-19 18:42:05 | user=cd1ce92b | action=view_models | result=OK
2026-09-19 18:51:18 | user=cd1ce92b | action=view_index | result=OK
2026-09-19 18:52:00 | user=cd1ce92b | action=view_statistics | result=OK
2026-09-19 18:52:15 | user=cd1ce92b | action=view_models | result=OK
2026-09-19 18:53:51 | user=cd1ce92b | action=view_models | result=OK
2026-09-19 18:54:17 | user=cd1ce92b | action=view_logs | result=OK
2026-09-19 18:54:28 | user=cd1ce92b | action=view_logs | result=OK
2026-09-19 18:54:29 | user=cd1ce92b | action=view_logs | result=OK
